xUnit.net v3 In-Process Runner v3.2.2+728c1dce01 (64-bit .NET 10.0.12)
  Discovering: CuriousContraptions.tests
  Discovered:  CuriousContraptions.tests
  Starting:    CuriousContraptions.tests
Native test project: /var/folders/bg/f_3jxb251pnfck7qpwb9xmxc0000gn/T/curious-native-tests-f86a813f40004f8181b9637c20000531/project
Native test log: /var/folders/bg/f_3jxb251pnfck7qpwb9xmxc0000gn/T/curious-native-tests-f86a813f40004f8181b9637c20000531/godot.log
Native test CA bundle: /etc/ssl/cert.pem
Initializing Godot...
cwd: /Users/aidan/dev/personal/tim/CuriousContraptions.tests/bin/Release/net10.0
[AssemblyPreloader] Found 1 game assembly(ies)
[AssemblyPreloader] Assembly 'CuriousContraptions' already loaded in Default context
Godot project: /Users/aidan/dev/personal/tim
Engine: 2dog 4.7.2.91, starting Godot instance...
Engine: Godot instance created successfully!
Engine: Godot started successfully!
Godot initialized successfully.
    CuriousContraptions.Tests.WoundSpringRuntimeTests.ReleasedHeadLaunchesPayloadThroughSharedContacts(mass: 0.5, released: True) [FAIL]
      Assert.Equal() Failure: Values differ
      Expected: 51.200000725878958
      Actual:   51.500738503661267
      Stack Trace:
        CuriousContraptions.tests/WoundSpringRuntimeTests.cs(253,0): at CuriousContraptions.Tests.WoundSpringRuntimeTests.ReleasedHeadLaunchesPayloadThroughSharedContacts(Single mass, Boolean released)
           at System.RuntimeMethodHandle.InvokeMethod(ObjectHandleOnStack target, Void** arguments, ObjectHandleOnStack sig, BOOL isConstructor, ObjectHandleOnStack result)
           at System.RuntimeMethodHandle.InvokeMethod(ObjectHandleOnStack target, Void** arguments, ObjectHandleOnStack sig, BOOL isConstructor, ObjectHandleOnStack result)
           at System.Reflection.MethodBaseInvoker.InterpretedInvoke_Method(Object obj, IntPtr* args)
           at System.Reflection.MethodBaseInvoker.InvokeDirectByRefWithFewArgs(Object obj, Span`1 copyOfArgs, BindingFlags invokeAttr)
    CuriousContraptions.Tests.WoundSpringRuntimeTests.ReleasedHeadLaunchesPayloadThroughSharedContacts(mass: 2, released: True) [FAIL]
      Assert.Equal() Failure: Values differ
      Expected: 51.200000725878958
      Actual:   51.5007385030748
      Stack Trace:
        CuriousContraptions.tests/WoundSpringRuntimeTests.cs(253,0): at CuriousContraptions.Tests.WoundSpringRuntimeTests.ReleasedHeadLaunchesPayloadThroughSharedContacts(Single mass, Boolean released)
           at InvokeStub_WoundSpringRuntimeTests.ReleasedHeadLaunchesPayloadThroughSharedContacts(Object, Span`1)
           at System.Reflection.MethodBaseInvoker.InvokeWithFewArgs(Object obj, BindingFlags invokeAttr, Binder binder, Object[] parameters, CultureInfo culture)
    CuriousContraptions.Tests.WoundSpringRuntimeTests.PowerLossHoldsChargeAndReleaseMovesOwnedHeadWithoutRecharge(rotated: False) [FAIL]
      Assert.Equal() Failure: Values differ
      Expected: 7.6917143377099215
      Actual:   7.6917143454617118
      Stack Trace:
        CuriousContraptions.tests/WoundSpringRuntimeTests.cs(164,0): at CuriousContraptions.Tests.WoundSpringRuntimeTests.PowerLossHoldsChargeAndReleaseMovesOwnedHeadWithoutRecharge(Boolean rotated)
           at System.RuntimeMethodHandle.InvokeMethod(ObjectHandleOnStack target, Void** arguments, ObjectHandleOnStack sig, BOOL isConstructor, ObjectHandleOnStack result)
           at System.RuntimeMethodHandle.InvokeMethod(ObjectHandleOnStack target, Void** arguments, ObjectHandleOnStack sig, BOOL isConstructor, ObjectHandleOnStack result)
           at System.Reflection.MethodBaseInvoker.InterpretedInvoke_Method(Object obj, IntPtr* args)
           at System.Reflection.MethodBaseInvoker.InvokeDirectByRefWithFewArgs(Object obj, Span`1 copyOfArgs, BindingFlags invokeAttr)
    CuriousContraptions.Tests.WoundSpringRuntimeTests.PowerLossHoldsChargeAndReleaseMovesOwnedHeadWithoutRecharge(rotated: True) [FAIL]
      Assert.Equal() Failure: Values differ
      Expected: 7.691714337704286
      Actual:   7.6917143454564414
      Stack Trace:
        CuriousContraptions.tests/WoundSpringRuntimeTests.cs(164,0): at CuriousContraptions.Tests.WoundSpringRuntimeTests.PowerLossHoldsChargeAndReleaseMovesOwnedHeadWithoutRecharge(Boolean rotated)
           at InvokeStub_WoundSpringRuntimeTests.PowerLossHoldsChargeAndReleaseMovesOwnedHeadWithoutRecharge(Object, Span`1)
           at System.Reflection.MethodBaseInvoker.InvokeWithOneArg(Object obj, BindingFlags invokeAttr, Binder binder, Object[] parameters, CultureInfo culture)
    CuriousContraptions.Tests.WoundSpringRuntimeTests.SolidObstacleLimitsWindingThroughSharedCollision [FAIL]
      System.InvalidOperationException : Constraint right-hand side dynamic range is not representable.
      Stack Trace:
        engine/physics/ConstraintMassMatrix.cs(143,0): at CuriousContraptions.Physics.ConstraintMassMatrix.SolveUsingScratch(ReadOnlySpan`1 rhs, Span`1 result, Span`1 storage, Span`1 exponents)
        engine/physics/BilateralConstraintBlock.cs(71,0): at CuriousContraptions.Physics.BilateralConstraintBlock.Solve()
        engine/physics/ImpulseConstraint.cs(193,0): at CuriousContraptions.Physics.ImpulseSolver.Solve(IReadOnlyList`1 constraints, Int32 maximumIterations, Double tolerance)
        engine/physics/AccelerationSolver.cs(576,0): at CuriousContraptions.Physics.AccelerationSolver.Solve(IEnumerable`1 bodies, IReadOnlyList`1 constraints, IReadOnlyList`1 contacts, IReadOnlyDictionary`2 loads, Double tolerance, ImpulseSolveResult& work, IReadOnlyList`1 drives, IReadOnlyList`1& driveResults)
        engine/physics/AccelerationSolver.cs(348,0): at CuriousContraptions.Physics.AccelerationSolver.<>c__DisplayClass0_0.<Predict>g__AtMidpoint|29(Dictionary`2 paths)
        engine/physics/AccelerationSolver.cs(380,0): at CuriousContraptions.Physics.AccelerationSolver.Predict(PhysicsLoadSet declarations, IReadOnlyDictionary`2 colliders, IEnumerable`1 bodies, IReadOnlyList`1 joints, IReadOnlyList`1 contacts, IReadOnlyDictionary`2 loads, Double duration, Double completeStepDuration, Double positionTolerance, Double velocityTolerance, Double accelerationTolerance, IReadOnlyList`1 motors, IReadOnlyDictionary`2 stores, IReadOnlyDictionary`2 gasPotentials)
           at CuriousContraptions.Physics.PhysicsWorld.Step(ReadOnlySpan`1 wrenches, ReadOnlySpan`1 motors, Double duration)
        engine/MachineWorld.cs(850,0): at CuriousContraptions.MachineWorld.AdvanceTick(CommittedPoseBuffer publication)
        engine/MachineWorld.cs(772,0): at CuriousContraptions.MachineWorld.Step()
        CuriousContraptions.tests/WoundSpringRuntimeTests.cs(281,0): at CuriousContraptions.Tests.WoundSpringRuntimeTests.SolidObstacleLimitsWindingThroughSharedCollision()
           at System.RuntimeMethodHandle.InvokeMethod(ObjectHandleOnStack target, Void** arguments, ObjectHandleOnStack sig, BOOL isConstructor, ObjectHandleOnStack result)
           at System.Reflection.RuntimeMethodInfo.Invoke(Object obj, BindingFlags invokeAttr, Binder binder, Object[] parameters, CultureInfo culture)
    CuriousContraptions.Tests.BellowsTests.LoadHoldsStrokeAndPhysicalRemovalAllowsRefillThenAnotherStroke [FAIL]
      Assert.InRange() Failure: Value not in range
      Range:  (0 - 0.0001)
      Actual: 0.00041936039924622692
      Stack Trace:
        CuriousContraptions.tests/BellowsTests.cs(165,0): at CuriousContraptions.Tests.BellowsTests.LoadHoldsStrokeAndPhysicalRemovalAllowsRefillThenAnotherStroke()
           at System.RuntimeMethodHandle.InvokeMethod(ObjectHandleOnStack target, Void** arguments, ObjectHandleOnStack sig, BOOL isConstructor, ObjectHandleOnStack result)
           at System.Reflection.RuntimeMethodInfo.Invoke(Object obj, BindingFlags invokeAttr, Binder binder, Object[] parameters, CultureInfo culture)
Bellows transport: setup=Catalogue, missed=False, blocked=False, disconnected=False, tick=60, compression=0, emission=0, rotor=0, belt=-0, cargo=(1, 3.4601, 0), velocity=CollisionVector { X = 0, Y = 0, Z = 0, LengthSquared = 0, Length = 0, IsFinite = True }, spin=CollisionVector { X = 0, Y = 0, Z = 0, LengthSquared = 0, Length = 0, IsFinite = True }
    CuriousContraptions.Tests.BellowsTests.PhysicalImpactDrivesWindmillAndConveyorOnlyWithClearAirAndBelt(missed: False, blocked: False, disconnected: False) [FAIL]
      System.InvalidOperationException : Bounded-rate sweep exhausted its interval budget.
      Stack Trace:
        engine/physics/LipschitzBoundarySweep.cs(44,0): at CuriousContraptions.Physics.LipschitzBoundarySweep.Cast(LipschitzBoundaryPath path, Double duration, Double tolerance, Double allowance)
        engine/physics/RotaryCaptureSweep.cs(49,0): at CuriousContraptions.Physics.RotaryCaptureSweep.Cast(RotaryCaptureDeclaration declaration, IReadOnlyDictionary`2 bodies, IReadOnlyList`1 joints, IReadOnlyDictionary`2 colliders, IReadOnlyDictionary`2 stores, IReadOnlyDictionary`2 paths, Double duration, Double positionTolerance, Double velocityTolerance, TransferSweepStage stage)
        engine/physics/AccelerationSolver.cs(222,0): at CuriousContraptions.Physics.AccelerationSolver.<>c__DisplayClass0_0.<Predict>g__Limit|21(Dictionary`2 paths)
        engine/physics/AccelerationSolver.cs(374,0): at CuriousContraptions.Physics.AccelerationSolver.Predict(PhysicsLoadSet declarations, IReadOnlyDictionary`2 colliders, IEnumerable`1 bodies, IReadOnlyList`1 joints, IReadOnlyList`1 contacts, IReadOnlyDictionary`2 loads, Double duration, Double completeStepDuration, Double positionTolerance, Double velocityTolerance, Double accelerationTolerance, IReadOnlyList`1 motors, IReadOnlyDictionary`2 stores, IReadOnlyDictionary`2 gasPotentials)
           at CuriousContraptions.Physics.PhysicsWorld.Step(ReadOnlySpan`1 wrenches, ReadOnlySpan`1 motors, Double duration)
        engine/MachineWorld.cs(850,0): at CuriousContraptions.MachineWorld.AdvanceTick(CommittedPoseBuffer publication)
        engine/MachineWorld.cs(772,0): at CuriousContraptions.MachineWorld.Step()
        CuriousContraptions.tests/BellowsTests.cs(124,0): at CuriousContraptions.Tests.BellowsTests.VerifyTransfer(Boolean missed, Boolean blocked, Boolean disconnected, WindmillSetup setup)
        CuriousContraptions.tests/BellowsTests.cs(86,0): at CuriousContraptions.Tests.BellowsTests.PhysicalImpactDrivesWindmillAndConveyorOnlyWithClearAirAndBelt(Boolean missed, Boolean blocked, Boolean disconnected)
           at System.RuntimeMethodHandle.InvokeMethod(ObjectHandleOnStack target, Void** arguments, ObjectHandleOnStack sig, BOOL isConstructor, ObjectHandleOnStack result)
           at System.RuntimeMethodHandle.InvokeMethod(ObjectHandleOnStack target, Void** arguments, ObjectHandleOnStack sig, BOOL isConstructor, ObjectHandleOnStack result)
           at System.Reflection.MethodBaseInvoker.InterpretedInvoke_Method(Object obj, IntPtr* args)
           at System.Reflection.MethodBaseInvoker.InvokeDirectByRefWithFewArgs(Object obj, Span`1 copyOfArgs, BindingFlags invokeAttr)
Bellows transport: setup=Catalogue, missed=True, blocked=False, disconnected=False, tick=60, compression=0, emission=0, rotor=0, belt=-0, cargo=(1, 3.4601, 0), velocity=CollisionVector { X = 0, Y = 0, Z = 0, LengthSquared = 0, Length = 0, IsFinite = True }, spin=CollisionVector { X = 0, Y = 0, Z = 0, LengthSquared = 0, Length = 0, IsFinite = True }
Bellows transport: setup=Catalogue, missed=True, blocked=False, disconnected=False, tick=120, compression=0, emission=0, rotor=0, belt=-0, cargo=(1, 3.4601, 0), velocity=CollisionVector { X = 0, Y = 0, Z = 0, LengthSquared = 0, Length = 0, IsFinite = True }, spin=CollisionVector { X = 0, Y = 0, Z = 0, LengthSquared = 0, Length = 0, IsFinite = True }
Bellows transport: setup=Catalogue, missed=True, blocked=False, disconnected=False, tick=180, compression=0, emission=0, rotor=0, belt=-0, cargo=(1, 3.4601, 0), velocity=CollisionVector { X = 0, Y = 0, Z = 0, LengthSquared = 0, Length = 0, IsFinite = True }, spin=CollisionVector { X = 0, Y = 0, Z = 0, LengthSquared = 0, Length = 0, IsFinite = True }
Bellows transport: setup=Catalogue, missed=True, blocked=False, disconnected=False, tick=240, compression=0, emission=0, rotor=0, belt=-0, cargo=(1, 3.4601, 0), velocity=CollisionVector { X = 0, Y = 0, Z = 0, LengthSquared = 0, Length = 0, IsFinite = True }, spin=CollisionVector { X = 0, Y = 0, Z = 0, LengthSquared = 0, Length = 0, IsFinite = True }
Bellows transport: setup=Catalogue, missed=True, blocked=False, disconnected=False, tick=300, compression=0, emission=0, rotor=0, belt=-0, cargo=(1, 3.4601, 0), velocity=CollisionVector { X = 0, Y = 0, Z = 0, LengthSquared = 0, Length = 0, IsFinite = True }, spin=CollisionVector { X = 0, Y = 0, Z = 0, LengthSquared = 0, Length = 0, IsFinite = True }
Bellows transport: setup=Catalogue, missed=True, blocked=False, disconnected=False, tick=360, compression=0, emission=0, rotor=0, belt=-0, cargo=(1, 3.4601, 0), velocity=CollisionVector { X = 0, Y = 0, Z = 0, LengthSquared = 0, Length = 0, IsFinite = True }, spin=CollisionVector { X = 0, Y = 0, Z = 0, LengthSquared = 0, Length = 0, IsFinite = True }
Bellows transport: setup=Catalogue, missed=True, blocked=False, disconnected=False, tick=420, compression=0, emission=0, rotor=0, belt=-0, cargo=(1, 3.4601, 0), velocity=CollisionVector { X = 0, Y = 0, Z = 0, LengthSquared = 0, Length = 0, IsFinite = True }, spin=CollisionVector { X = 0, Y = 0, Z = 0, LengthSquared = 0, Length = 0, IsFinite = True }
Bellows transport: setup=Catalogue, missed=True, blocked=False, disconnected=False, tick=480, compression=0, emission=0, rotor=0, belt=-0, cargo=(1, 3.4601, 0), velocity=CollisionVector { X = 0, Y = 0, Z = 0, LengthSquared = 0, Length = 0, IsFinite = True }, spin=CollisionVector { X = 0, Y = 0, Z = 0, LengthSquared = 0, Length = 0, IsFinite = True }
Bellows transport: setup=Catalogue, missed=False, blocked=True, disconnected=False, tick=60, compression=0, emission=0, rotor=0, belt=-0, cargo=(1, 3.4601, 0), velocity=CollisionVector { X = 0, Y = 0, Z = 0, LengthSquared = 0, Length = 0, IsFinite = True }, spin=CollisionVector { X = 0, Y = 0, Z = 0, LengthSquared = 0, Length = 0, IsFinite = True }
Bellows transport: setup=Catalogue, missed=False, blocked=True, disconnected=False, tick=120, compression=0.38050988, emission=0, rotor=0, belt=-0, cargo=(1, 3.4601, 0), velocity=CollisionVector { X = 0, Y = 0, Z = 0, LengthSquared = 0, Length = 0, IsFinite = True }, spin=CollisionVector { X = 0, Y = 0, Z = 0, LengthSquared = 0, Length = 0, IsFinite = True }
Bellows transport: setup=Catalogue, missed=False, blocked=True, disconnected=False, tick=180, compression=0.3218953, emission=0, rotor=0, belt=-0, cargo=(1, 3.4601, 0), velocity=CollisionVector { X = 0, Y = 0, Z = 0, LengthSquared = 0, Length = 0, IsFinite = True }, spin=CollisionVector { X = 0, Y = 0, Z = 0, LengthSquared = 0, Length = 0, IsFinite = True }
Bellows transport: setup=Catalogue, missed=False, blocked=True, disconnected=False, tick=240, compression=0.32840502, emission=1.3854915, rotor=0, belt=-0, cargo=(1, 3.4601, 0), velocity=CollisionVector { X = 0, Y = 0, Z = 0, LengthSquared = 0, Length = 0, IsFinite = True }, spin=CollisionVector { X = 0, Y = 0, Z = 0, LengthSquared = 0, Length = 0, IsFinite = True }
Bellows transport: setup=Catalogue, missed=False, blocked=True, disconnected=False, tick=300, compression=0.35380116, emission=0.23321792, rotor=0, belt=-0, cargo=(1, 3.4601, 0), velocity=CollisionVector { X = 0, Y = 0, Z = 0, LengthSquared = 0, Length = 0, IsFinite = True }, spin=CollisionVector { X = 0, Y = 0, Z = 0, LengthSquared = 0, Length = 0, IsFinite = True }
Bellows transport: setup=Catalogue, missed=False, blocked=True, disconnected=False, tick=360, compression=0.3398082, emission=0, rotor=0, belt=-0, cargo=(1, 3.4601, 0), velocity=CollisionVector { X = 0, Y = 0, Z = 0, LengthSquared = 0, Length = 0, IsFinite = True }, spin=CollisionVector { X = 0, Y = 0, Z = 0, LengthSquared = 0, Length = 0, IsFinite = True }
Bellows transport: setup=Catalogue, missed=False, blocked=True, disconnected=False, tick=420, compression=0.33053672, emission=0.0497576, rotor=0, belt=-0, cargo=(1, 3.4601, 0), velocity=CollisionVector { X = 0, Y = 0, Z = 0, LengthSquared = 0, Length = 0, IsFinite = True }, spin=CollisionVector { X = 0, Y = 0, Z = 0, LengthSquared = 0, Length = 0, IsFinite = True }
Bellows transport: setup=Catalogue, missed=False, blocked=True, disconnected=False, tick=480, compression=0.33763885, emission=0.39926615, rotor=0, belt=-0, cargo=(1, 3.4601, 0), velocity=CollisionVector { X = 0, Y = 0, Z = 0, LengthSquared = 0, Length = 0, IsFinite = True }, spin=CollisionVector { X = 0, Y = 0, Z = 0, LengthSquared = 0, Length = 0, IsFinite = True }
Bellows transport: setup=Catalogue, missed=False, blocked=False, disconnected=True, tick=60, compression=0, emission=0, rotor=0, belt=-0, cargo=(1, 3.4601, 0), velocity=CollisionVector { X = 0, Y = 0, Z = 0, LengthSquared = 0, Length = 0, IsFinite = True }, spin=CollisionVector { X = 0, Y = 0, Z = 0, LengthSquared = 0, Length = 0, IsFinite = True }
    CuriousContraptions.Tests.BellowsTests.PhysicalImpactDrivesWindmillAndConveyorOnlyWithClearAirAndBelt(missed: False, blocked: False, disconnected: True) [FAIL]
      System.InvalidOperationException : Bounded-rate sweep exhausted its interval budget.
      Stack Trace:
        engine/physics/LipschitzBoundarySweep.cs(44,0): at CuriousContraptions.Physics.LipschitzBoundarySweep.Cast(LipschitzBoundaryPath path, Double duration, Double tolerance, Double allowance)
        engine/physics/RotaryCaptureSweep.cs(47,0): at CuriousContraptions.Physics.RotaryCaptureSweep.Cast(RotaryCaptureDeclaration declaration, IReadOnlyDictionary`2 bodies, IReadOnlyList`1 joints, IReadOnlyDictionary`2 colliders, IReadOnlyDictionary`2 stores, IReadOnlyDictionary`2 paths, Double duration, Double positionTolerance, Double velocityTolerance, TransferSweepStage stage)
        engine/physics/AccelerationSolver.cs(222,0): at CuriousContraptions.Physics.AccelerationSolver.<>c__DisplayClass0_0.<Predict>g__Limit|21(Dictionary`2 paths)
        engine/physics/AccelerationSolver.cs(374,0): at CuriousContraptions.Physics.AccelerationSolver.Predict(PhysicsLoadSet declarations, IReadOnlyDictionary`2 colliders, IEnumerable`1 bodies, IReadOnlyList`1 joints, IReadOnlyList`1 contacts, IReadOnlyDictionary`2 loads, Double duration, Double completeStepDuration, Double positionTolerance, Double velocityTolerance, Double accelerationTolerance, IReadOnlyList`1 motors, IReadOnlyDictionary`2 stores, IReadOnlyDictionary`2 gasPotentials)
           at CuriousContraptions.Physics.PhysicsWorld.Step(ReadOnlySpan`1 wrenches, ReadOnlySpan`1 motors, Double duration)
        engine/MachineWorld.cs(850,0): at CuriousContraptions.MachineWorld.AdvanceTick(CommittedPoseBuffer publication)
        engine/MachineWorld.cs(772,0): at CuriousContraptions.MachineWorld.Step()
        CuriousContraptions.tests/BellowsTests.cs(124,0): at CuriousContraptions.Tests.BellowsTests.VerifyTransfer(Boolean missed, Boolean blocked, Boolean disconnected, WindmillSetup setup)
        CuriousContraptions.tests/BellowsTests.cs(86,0): at CuriousContraptions.Tests.BellowsTests.PhysicalImpactDrivesWindmillAndConveyorOnlyWithClearAirAndBelt(Boolean missed, Boolean blocked, Boolean disconnected)
           at InvokeStub_BellowsTests.PhysicalImpactDrivesWindmillAndConveyorOnlyWithClearAirAndBelt(Object, Span`1)
           at System.Reflection.MethodBaseInvoker.InvokeWithFewArgs(Object obj, BindingFlags invokeAttr, Binder binder, Object[] parameters, CultureInfo culture)
Bellows/chime failure tick=83, step=332, time=0.6916667027398944
Body 2: center=CollisionVector { X = -0.9956609704067623, Y = 6.222865252881594, Z = 0, LengthSquared = 39.71539272351245, Length = 6.302014973285326, IsFinite = True }, velocity=CollisionVector { X = 0.33651288387054573, Y = 0.0012618576708201496, Z = 0, LengthSquared = 0.1132425132956528, Length = 0.3365152497222864, IsFinite = True }, momentum=CollisionVector { X = 0, Y = 0, Z = 0.010217557296854127, LengthSquared = 0.00010439847711449701, Length = 0.010217557296854127, IsFinite = True }
Body 8: center=CollisionVector { X = -4, Y = 6.346800032324494, Z = -2.291499340380591E-17, LengthSquared = 56.281870650314204, Length = 7.502124409146665, IsFinite = True }, velocity=CollisionVector { X = 0, Y = -3.400387733074622, Z = -7.550377507824773E-16, LengthSquared = 11.562636735244368, Length = 3.400387733074622, IsFinite = True }, momentum=CollisionVector { X = 0, Y = 0, Z = 0, LengthSquared = 0, Length = 0, IsFinite = True }
Body 9: center=CollisionVector { X = -4, Y = 6.746900002420596, Z = -8.462458780030547E-18, LengthSquared = 61.52065964266304, Length = 7.843510670781487, IsFinite = True }, velocity=CollisionVector { X = 1.7091737660439454E-18, Y = -3.400387733074622, Z = -2.9077884377349585E-16, LengthSquared = 11.562636735244368, Length = 3.400387733074622, IsFinite = True }, momentum=CollisionVector { X = 5.2176137036683585E-17, Y = 3.7323908671634563E-35, Z = 5.818251315418593E-19, LengthSquared = 2.7226877965544784E-33, Length = 5.2179380952196804E-17, IsFinite = True }
Transfer 0: source=51.00581599611933, receiver=0.43622039731344464, exposed=True
Transfer 1: source=51.00581599611933, receiver=1.7091737660439454E-18, exposed=False
    CuriousContraptions.Tests.BellowsTests.AirBurstRingsChimesAndWallSuppressesIt(blocked: False) [FAIL]
      System.InvalidOperationException : Support iteration failed at horizon 4.29606171222637E-08, requested 0.0011262766769159702, boundary Field, restrictions 1, residual 2.0775330178188308E-09, acceleration [15.113195625203113, 0.2275020882263902, 0, 0, 0, 13.061657720896596, 6.018531334675407E-36, 42.294458626969316, 9.391256356343484E-15, 7.2481914658076735E-31, 2.7156540729307297E-59, -9.81812084906757E-44, -5.602709948731971E-20, 42.294458626969316, 1.6948852960672533E-15, -1.2381121970897826E-14, -6.60207725699208E-66, 9.066307501116407E-20, 8100], motors [], transfers [branch 0, source speed 47.909907569652525, receiver speed 0.5325221668711958, exposed True; branch 1, source speed 47.909907569652525, receiver speed 1.708886674556157E-18, exposed False].
      ---- System.InvalidOperationException : Nonlinear line search could not establish residual decrease: merit 4.348826797468853E-18, best 4.348826797468853E-18, step norm 2.085378593141138E-09.
      Stack Trace:
        engine/physics/AccelerationSolver.cs(476,0): at CuriousContraptions.Physics.AccelerationSolver.Predict(PhysicsLoadSet declarations, IReadOnlyDictionary`2 colliders, IEnumerable`1 bodies, IReadOnlyList`1 joints, IReadOnlyList`1 contacts, IReadOnlyDictionary`2 loads, Double duration, Double completeStepDuration, Double positionTolerance, Double velocityTolerance, Double accelerationTolerance, IReadOnlyList`1 motors, IReadOnlyDictionary`2 stores, IReadOnlyDictionary`2 gasPotentials)
           at CuriousContraptions.Physics.PhysicsWorld.Step(ReadOnlySpan`1 wrenches, ReadOnlySpan`1 motors, Double duration)
        engine/MachineWorld.cs(850,0): at CuriousContraptions.MachineWorld.AdvanceTick(CommittedPoseBuffer publication)
        engine/MachineWorld.cs(772,0): at CuriousContraptions.MachineWorld.Step()
        CuriousContraptions.tests/BellowsTests.cs(356,0): at CuriousContraptions.Tests.BellowsTests.AirBurstRingsChimesAndWallSuppressesIt(Boolean blocked)
           at System.RuntimeMethodHandle.InvokeMethod(ObjectHandleOnStack target, Void** arguments, ObjectHandleOnStack sig, BOOL isConstructor, ObjectHandleOnStack result)
           at System.RuntimeMethodHandle.InvokeMethod(ObjectHandleOnStack target, Void** arguments, ObjectHandleOnStack sig, BOOL isConstructor, ObjectHandleOnStack result)
           at System.Reflection.MethodBaseInvoker.InterpretedInvoke_Method(Object obj, IntPtr* args)
           at System.Reflection.MethodBaseInvoker.InvokeDirectByRefWithFewArgs(Object obj, Span`1 copyOfArgs, BindingFlags invokeAttr)
        ----- Inner Stack Trace -----
        engine/physics/NonlinearIteration.cs(90,0): at CuriousContraptions.Physics.NonlinearIteration.Advance(ReadOnlySpan`1 source, Func`2 residual)
        engine/physics/AccelerationSolver.cs(469,0): at CuriousContraptions.Physics.AccelerationSolver.Predict(PhysicsLoadSet declarations, IReadOnlyDictionary`2 colliders, IEnumerable`1 bodies, IReadOnlyList`1 joints, IReadOnlyList`1 contacts, IReadOnlyDictionary`2 loads, Double duration, Double completeStepDuration, Double positionTolerance, Double velocityTolerance, Double accelerationTolerance, IReadOnlyList`1 motors, IReadOnlyDictionary`2 stores, IReadOnlyDictionary`2 gasPotentials)
Bellows transport: setup=LowResistance, missed=False, blocked=False, disconnected=False, tick=60, compression=0, emission=0, rotor=0, belt=-0, cargo=(1, 3.4601, 0), velocity=CollisionVector { X = 0, Y = 0, Z = 0, LengthSquared = 0, Length = 0, IsFinite = True }, spin=CollisionVector { X = 0, Y = 0, Z = 0, LengthSquared = 0, Length = 0, IsFinite = True }
    CuriousContraptions.Tests.BellowsTests.LowResistanceWindmillCompletesTransferOnlyWithClearAirAndBelt(missed: False, blocked: False, disconnected: False) [FAIL]
      System.InvalidOperationException : Support iteration failed at horizon 9.402845984842283E-10, requested 0.0007689009251953315, boundary Field, restrictions 1, residual 1.0707527878296222E-07, acceleration [0, 0, 0, 0, 0, -1.2714701223539124, 0.23974696665678016, 0, -6.534917863880962E-23, -1.9217520651654492E-22, -1.2042505895041663E-38, 1.787677723797122, 3.761577384977706E-37, 27.133762104989742, 6.024905486732255E-15, 1.1136760761675378E-29, -6.326145323141809E-52, -2.2859655702242744E-36, 0, 0, 0, 1.271470240389864, -1.6198304478964314E-09, -2.184873942658557E-11, -1.0419343537125734E-20, 27.133762104989746, 3.5489718664437896E-15, -2.614363390959431E-14, -1.4751195717386292E-51, 1.085221179778836E-19, 8100], motors [], transfers [branch 0, source speed 2.0000003535352513, receiver speed 0.0835365480096308, exposed False; branch 1, source speed 2.0000003535352513, receiver speed 0.07317402040498995, exposed True; branch 2, source speed 2.0000003535352513, receiver speed 0.07317402040498995, exposed True; branch 3, source speed 2.0000003535352513, receiver speed 0.07317402040498995, exposed True; branch 4, source speed 2.0000003535352513, receiver speed 0.07317402040498995, exposed True; branch 5, source speed 2.0000003535352513, receiver speed 6.294045718604679E-19, exposed False].
      ---- System.InvalidOperationException : Nonlinear line search could not establish residual decrease: merit 1.9254652033558953E-14, best 1.9254648897048647E-14, step norm 1.3958397860978681E-07.
      Stack Trace:
        engine/physics/AccelerationSolver.cs(476,0): at CuriousContraptions.Physics.AccelerationSolver.Predict(PhysicsLoadSet declarations, IReadOnlyDictionary`2 colliders, IEnumerable`1 bodies, IReadOnlyList`1 joints, IReadOnlyList`1 contacts, IReadOnlyDictionary`2 loads, Double duration, Double completeStepDuration, Double positionTolerance, Double velocityTolerance, Double accelerationTolerance, IReadOnlyList`1 motors, IReadOnlyDictionary`2 stores, IReadOnlyDictionary`2 gasPotentials)
           at CuriousContraptions.Physics.PhysicsWorld.Step(ReadOnlySpan`1 wrenches, ReadOnlySpan`1 motors, Double duration)
        engine/MachineWorld.cs(850,0): at CuriousContraptions.MachineWorld.AdvanceTick(CommittedPoseBuffer publication)
        engine/MachineWorld.cs(772,0): at CuriousContraptions.MachineWorld.Step()
        CuriousContraptions.tests/BellowsTests.cs(124,0): at CuriousContraptions.Tests.BellowsTests.VerifyTransfer(Boolean missed, Boolean blocked, Boolean disconnected, WindmillSetup setup)
        CuriousContraptions.tests/BellowsTests.cs(94,0): at CuriousContraptions.Tests.BellowsTests.LowResistanceWindmillCompletesTransferOnlyWithClearAirAndBelt(Boolean missed, Boolean blocked, Boolean disconnected)
           at System.RuntimeMethodHandle.InvokeMethod(ObjectHandleOnStack target, Void** arguments, ObjectHandleOnStack sig, BOOL isConstructor, ObjectHandleOnStack result)
           at System.Reflection.MethodBaseInvoker.InvokeDirectByRefWithFewArgs(Object obj, Span`1 copyOfArgs, BindingFlags invokeAttr)
        ----- Inner Stack Trace -----
        engine/physics/NonlinearIteration.cs(90,0): at CuriousContraptions.Physics.NonlinearIteration.Advance(ReadOnlySpan`1 source, Func`2 residual)
        engine/physics/AccelerationSolver.cs(469,0): at CuriousContraptions.Physics.AccelerationSolver.Predict(PhysicsLoadSet declarations, IReadOnlyDictionary`2 colliders, IEnumerable`1 bodies, IReadOnlyList`1 joints, IReadOnlyList`1 contacts, IReadOnlyDictionary`2 loads, Double duration, Double completeStepDuration, Double positionTolerance, Double velocityTolerance, Double accelerationTolerance, IReadOnlyList`1 motors, IReadOnlyDictionary`2 stores, IReadOnlyDictionary`2 gasPotentials)
Bellows transport: setup=LowResistance, missed=True, blocked=False, disconnected=False, tick=60, compression=0, emission=0, rotor=0, belt=-0, cargo=(1, 3.4601, 0), velocity=CollisionVector { X = 0, Y = 0, Z = 0, LengthSquared = 0, Length = 0, IsFinite = True }, spin=CollisionVector { X = 0, Y = 0, Z = 0, LengthSquared = 0, Length = 0, IsFinite = True }
Bellows transport: setup=LowResistance, missed=True, blocked=False, disconnected=False, tick=120, compression=0, emission=0, rotor=0, belt=-0, cargo=(1, 3.4601, 0), velocity=CollisionVector { X = 0, Y = 0, Z = 0, LengthSquared = 0, Length = 0, IsFinite = True }, spin=CollisionVector { X = 0, Y = 0, Z = 0, LengthSquared = 0, Length = 0, IsFinite = True }
Bellows transport: setup=LowResistance, missed=True, blocked=False, disconnected=False, tick=180, compression=0, emission=0, rotor=0, belt=-0, cargo=(1, 3.4601, 0), velocity=CollisionVector { X = 0, Y = 0, Z = 0, LengthSquared = 0, Length = 0, IsFinite = True }, spin=CollisionVector { X = 0, Y = 0, Z = 0, LengthSquared = 0, Length = 0, IsFinite = True }
Bellows transport: setup=LowResistance, missed=True, blocked=False, disconnected=False, tick=240, compression=0, emission=0, rotor=0, belt=-0, cargo=(1, 3.4601, 0), velocity=CollisionVector { X = 0, Y = 0, Z = 0, LengthSquared = 0, Length = 0, IsFinite = True }, spin=CollisionVector { X = 0, Y = 0, Z = 0, LengthSquared = 0, Length = 0, IsFinite = True }
Bellows transport: setup=LowResistance, missed=True, blocked=False, disconnected=False, tick=300, compression=0, emission=0, rotor=0, belt=-0, cargo=(1, 3.4601, 0), velocity=CollisionVector { X = 0, Y = 0, Z = 0, LengthSquared = 0, Length = 0, IsFinite = True }, spin=CollisionVector { X = 0, Y = 0, Z = 0, LengthSquared = 0, Length = 0, IsFinite = True }
Bellows transport: setup=LowResistance, missed=True, blocked=False, disconnected=False, tick=360, compression=0, emission=0, rotor=0, belt=-0, cargo=(1, 3.4601, 0), velocity=CollisionVector { X = 0, Y = 0, Z = 0, LengthSquared = 0, Length = 0, IsFinite = True }, spin=CollisionVector { X = 0, Y = 0, Z = 0, LengthSquared = 0, Length = 0, IsFinite = True }
Bellows transport: setup=LowResistance, missed=True, blocked=False, disconnected=False, tick=420, compression=0, emission=0, rotor=0, belt=-0, cargo=(1, 3.4601, 0), velocity=CollisionVector { X = 0, Y = 0, Z = 0, LengthSquared = 0, Length = 0, IsFinite = True }, spin=CollisionVector { X = 0, Y = 0, Z = 0, LengthSquared = 0, Length = 0, IsFinite = True }
Bellows transport: setup=LowResistance, missed=True, blocked=False, disconnected=False, tick=480, compression=0, emission=0, rotor=0, belt=-0, cargo=(1, 3.4601, 0), velocity=CollisionVector { X = 0, Y = 0, Z = 0, LengthSquared = 0, Length = 0, IsFinite = True }, spin=CollisionVector { X = 0, Y = 0, Z = 0, LengthSquared = 0, Length = 0, IsFinite = True }
Bellows transport: setup=LowResistance, missed=True, blocked=False, disconnected=False, tick=540, compression=0, emission=0, rotor=0, belt=-0, cargo=(1, 3.4601, 0), velocity=CollisionVector { X = 0, Y = 0, Z = 0, LengthSquared = 0, Length = 0, IsFinite = True }, spin=CollisionVector { X = 0, Y = 0, Z = 0, LengthSquared = 0, Length = 0, IsFinite = True }
Bellows transport: setup=LowResistance, missed=True, blocked=False, disconnected=False, tick=600, compression=0, emission=0, rotor=0, belt=-0, cargo=(1, 3.4601, 0), velocity=CollisionVector { X = 0, Y = 0, Z = 0, LengthSquared = 0, Length = 0, IsFinite = True }, spin=CollisionVector { X = 0, Y = 0, Z = 0, LengthSquared = 0, Length = 0, IsFinite = True }
Bellows transport: setup=LowResistance, missed=True, blocked=False, disconnected=False, tick=660, compression=0, emission=0, rotor=0, belt=-0, cargo=(1, 3.4601, 0), velocity=CollisionVector { X = 0, Y = 0, Z = 0, LengthSquared = 0, Length = 0, IsFinite = True }, spin=CollisionVector { X = 0, Y = 0, Z = 0, LengthSquared = 0, Length = 0, IsFinite = True }
Bellows transport: setup=LowResistance, missed=True, blocked=False, disconnected=False, tick=720, compression=0, emission=0, rotor=0, belt=-0, cargo=(1, 3.4601, 0), velocity=CollisionVector { X = 0, Y = 0, Z = 0, LengthSquared = 0, Length = 0, IsFinite = True }, spin=CollisionVector { X = 0, Y = 0, Z = 0, LengthSquared = 0, Length = 0, IsFinite = True }
Bellows transport: setup=LowResistance, missed=True, blocked=False, disconnected=False, tick=780, compression=0, emission=0, rotor=0, belt=-0, cargo=(1, 3.4601, 0), velocity=CollisionVector { X = 0, Y = 0, Z = 0, LengthSquared = 0, Length = 0, IsFinite = True }, spin=CollisionVector { X = 0, Y = 0, Z = 0, LengthSquared = 0, Length = 0, IsFinite = True }
Bellows transport: setup=LowResistance, missed=True, blocked=False, disconnected=False, tick=840, compression=0, emission=0, rotor=0, belt=-0, cargo=(1, 3.4601, 0), velocity=CollisionVector { X = 0, Y = 0, Z = 0, LengthSquared = 0, Length = 0, IsFinite = True }, spin=CollisionVector { X = 0, Y = 0, Z = 0, LengthSquared = 0, Length = 0, IsFinite = True }
Bellows transport: setup=LowResistance, missed=True, blocked=False, disconnected=False, tick=900, compression=0, emission=0, rotor=0, belt=-0, cargo=(1, 3.4601, 0), velocity=CollisionVector { X = 0, Y = 0, Z = 0, LengthSquared = 0, Length = 0, IsFinite = True }, spin=CollisionVector { X = 0, Y = 0, Z = 0, LengthSquared = 0, Length = 0, IsFinite = True }
Bellows transport: setup=LowResistance, missed=True, blocked=False, disconnected=False, tick=960, compression=0, emission=0, rotor=0, belt=-0, cargo=(1, 3.4601, 0), velocity=CollisionVector { X = 0, Y = 0, Z = 0, LengthSquared = 0, Length = 0, IsFinite = True }, spin=CollisionVector { X = 0, Y = 0, Z = 0, LengthSquared = 0, Length = 0, IsFinite = True }
Bellows transport: setup=LowResistance, missed=False, blocked=True, disconnected=False, tick=60, compression=0, emission=0, rotor=0, belt=-0, cargo=(1, 3.4601, 0), velocity=CollisionVector { X = 0, Y = 0, Z = 0, LengthSquared = 0, Length = 0, IsFinite = True }, spin=CollisionVector { X = 0, Y = 0, Z = 0, LengthSquared = 0, Length = 0, IsFinite = True }
Bellows transport: setup=LowResistance, missed=False, blocked=True, disconnected=False, tick=120, compression=0.38050988, emission=0, rotor=0, belt=-0, cargo=(1, 3.4601, 0), velocity=CollisionVector { X = 0, Y = 0, Z = 0, LengthSquared = 0, Length = 0, IsFinite = True }, spin=CollisionVector { X = 0, Y = 0, Z = 0, LengthSquared = 0, Length = 0, IsFinite = True }
Bellows transport: setup=LowResistance, missed=False, blocked=True, disconnected=False, tick=180, compression=0.3218953, emission=0, rotor=0, belt=-0, cargo=(1, 3.4601, 0), velocity=CollisionVector { X = 0, Y = 0, Z = 0, LengthSquared = 0, Length = 0, IsFinite = True }, spin=CollisionVector { X = 0, Y = 0, Z = 0, LengthSquared = 0, Length = 0, IsFinite = True }
Bellows transport: setup=LowResistance, missed=False, blocked=True, disconnected=False, tick=240, compression=0.32840502, emission=1.3854915, rotor=0, belt=-0, cargo=(1, 3.4601, 0), velocity=CollisionVector { X = 0, Y = 0, Z = 0, LengthSquared = 0, Length = 0, IsFinite = True }, spin=CollisionVector { X = 0, Y = 0, Z = 0, LengthSquared = 0, Length = 0, IsFinite = True }
Bellows transport: setup=LowResistance, missed=False, blocked=True, disconnected=False, tick=300, compression=0.35380116, emission=0.23321792, rotor=0, belt=-0, cargo=(1, 3.4601, 0), velocity=CollisionVector { X = 0, Y = 0, Z = 0, LengthSquared = 0, Length = 0, IsFinite = True }, spin=CollisionVector { X = 0, Y = 0, Z = 0, LengthSquared = 0, Length = 0, IsFinite = True }
Bellows transport: setup=LowResistance, missed=False, blocked=True, disconnected=False, tick=360, compression=0.3398082, emission=0, rotor=0, belt=-0, cargo=(1, 3.4601, 0), velocity=CollisionVector { X = 0, Y = 0, Z = 0, LengthSquared = 0, Length = 0, IsFinite = True }, spin=CollisionVector { X = 0, Y = 0, Z = 0, LengthSquared = 0, Length = 0, IsFinite = True }
Bellows transport: setup=LowResistance, missed=False, blocked=True, disconnected=False, tick=420, compression=0.33053672, emission=0.0497576, rotor=0, belt=-0, cargo=(1, 3.4601, 0), velocity=CollisionVector { X = 0, Y = 0, Z = 0, LengthSquared = 0, Length = 0, IsFinite = True }, spin=CollisionVector { X = 0, Y = 0, Z = 0, LengthSquared = 0, Length = 0, IsFinite = True }
Bellows transport: setup=LowResistance, missed=False, blocked=True, disconnected=False, tick=480, compression=0.33763885, emission=0.39926615, rotor=0, belt=-0, cargo=(1, 3.4601, 0), velocity=CollisionVector { X = 0, Y = 0, Z = 0, LengthSquared = 0, Length = 0, IsFinite = True }, spin=CollisionVector { X = 0, Y = 0, Z = 0, LengthSquared = 0, Length = 0, IsFinite = True }
Bellows transport: setup=LowResistance, missed=False, blocked=True, disconnected=False, tick=540, compression=0.3400831, emission=0, rotor=0, belt=-0, cargo=(1, 3.4601, 0), velocity=CollisionVector { X = 0, Y = 0, Z = 0, LengthSquared = 0, Length = 0, IsFinite = True }, spin=CollisionVector { X = 0, Y = 0, Z = 0, LengthSquared = 0, Length = 0, IsFinite = True }
Bellows transport: setup=LowResistance, missed=False, blocked=True, disconnected=False, tick=600, compression=0.33501086, emission=0, rotor=0, belt=-0, cargo=(1, 3.4601, 0), velocity=CollisionVector { X = 0, Y = 0, Z = 0, LengthSquared = 0, Length = 0, IsFinite = True }, spin=CollisionVector { X = 0, Y = 0, Z = 0, LengthSquared = 0, Length = 0, IsFinite = True }
Bellows transport: setup=LowResistance, missed=False, blocked=True, disconnected=False, tick=660, compression=0.33482218, emission=0.09551655, rotor=0, belt=-0, cargo=(1, 3.4601, 0), velocity=CollisionVector { X = 0, Y = 0, Z = 0, LengthSquared = 0, Length = 0, IsFinite = True }, spin=CollisionVector { X = 0, Y = 0, Z = 0, LengthSquared = 0, Length = 0, IsFinite = True }
Bellows transport: setup=LowResistance, missed=False, blocked=True, disconnected=False, tick=720, compression=0.33710012, emission=0.0493645, rotor=0, belt=-0, cargo=(1, 3.4601, 0), velocity=CollisionVector { X = 0, Y = 0, Z = 0, LengthSquared = 0, Length = 0, IsFinite = True }, spin=CollisionVector { X = 0, Y = 0, Z = 0, LengthSquared = 0, Length = 0, IsFinite = True }
Bellows transport: setup=LowResistance, missed=False, blocked=True, disconnected=False, tick=780, compression=0.33631128, emission=0, rotor=0, belt=-0, cargo=(1, 3.4601, 0), velocity=CollisionVector { X = 0, Y = 0, Z = 0, LengthSquared = 0, Length = 0, IsFinite = True }, spin=CollisionVector { X = 0, Y = 0, Z = 0, LengthSquared = 0, Length = 0, IsFinite = True }
Bellows transport: setup=LowResistance, missed=False, blocked=True, disconnected=False, tick=840, compression=0.33533034, emission=0, rotor=0, belt=-0, cargo=(1, 3.4601, 0), velocity=CollisionVector { X = 0, Y = 0, Z = 0, LengthSquared = 0, Length = 0, IsFinite = True }, spin=CollisionVector { X = 0, Y = 0, Z = 0, LengthSquared = 0, Length = 0, IsFinite = True }
Bellows transport: setup=LowResistance, missed=False, blocked=True, disconnected=False, tick=900, compression=0.33579546, emission=0.034438297, rotor=0, belt=-0, cargo=(1, 3.4601, 0), velocity=CollisionVector { X = 0, Y = 0, Z = 0, LengthSquared = 0, Length = 0, IsFinite = True }, spin=CollisionVector { X = 0, Y = 0, Z = 0, LengthSquared = 0, Length = 0, IsFinite = True }
Bellows transport: setup=LowResistance, missed=False, blocked=True, disconnected=False, tick=960, compression=0.33614388, emission=0, rotor=0, belt=-0, cargo=(1, 3.4601, 0), velocity=CollisionVector { X = 0, Y = 0, Z = 0, LengthSquared = 0, Length = 0, IsFinite = True }, spin=CollisionVector { X = 0, Y = 0, Z = 0, LengthSquared = 0, Length = 0, IsFinite = True }
Bellows transport: setup=LowResistance, missed=False, blocked=False, disconnected=True, tick=60, compression=0, emission=0, rotor=0, belt=-0, cargo=(1, 3.4601, 0), velocity=CollisionVector { X = 0, Y = 0, Z = 0, LengthSquared = 0, Length = 0, IsFinite = True }, spin=CollisionVector { X = 0, Y = 0, Z = 0, LengthSquared = 0, Length = 0, IsFinite = True }
Bellows transport: setup=LowResistance, missed=False, blocked=False, disconnected=True, tick=120, compression=0.20737845, emission=0.3470051, rotor=0.70372415, belt=-0, cargo=(1, 3.4601, 0), velocity=CollisionVector { X = 0, Y = 0, Z = 0, LengthSquared = 0, Length = 0, IsFinite = True }, spin=CollisionVector { X = 0, Y = 0, Z = 0, LengthSquared = 0, Length = 0, IsFinite = True }
Bellows transport: setup=LowResistance, missed=False, blocked=False, disconnected=True, tick=180, compression=0.21513368, emission=0.3507846, rotor=0.76016164, belt=-0, cargo=(1, 3.4601, 0), velocity=CollisionVector { X = 0, Y = 0, Z = 0, LengthSquared = 0, Length = 0, IsFinite = True }, spin=CollisionVector { X = 0, Y = 0, Z = 0, LengthSquared = 0, Length = 0, IsFinite = True }
Bellows transport: setup=LowResistance, missed=False, blocked=False, disconnected=True, tick=240, compression=0.22296192, emission=0.35358375, rotor=0.81306756, belt=-0, cargo=(1, 3.4601, 0), velocity=CollisionVector { X = 0, Y = 0, Z = 0, LengthSquared = 0, Length = 0, IsFinite = True }, spin=CollisionVector { X = 0, Y = 0, Z = 0, LengthSquared = 0, Length = 0, IsFinite = True }
Bellows transport: setup=LowResistance, missed=False, blocked=False, disconnected=True, tick=300, compression=0.23084162, emission=0.35542414, rotor=0.8624135, belt=-0, cargo=(1, 3.4601, 0), velocity=CollisionVector { X = 0, Y = 0, Z = 0, LengthSquared = 0, Length = 0, IsFinite = True }, spin=CollisionVector { X = 0, Y = 0, Z = 0, LengthSquared = 0, Length = 0, IsFinite = True }
Bellows transport: setup=LowResistance, missed=False, blocked=False, disconnected=True, tick=360, compression=0.23875175, emission=0.3563292, rotor=0.908181, belt=-0, cargo=(1, 3.4601, 0), velocity=CollisionVector { X = 0, Y = 0, Z = 0, LengthSquared = 0, Length = 0, IsFinite = True }, spin=CollisionVector { X = 0, Y = 0, Z = 0, LengthSquared = 0, Length = 0, IsFinite = True }
Bellows transport: setup=LowResistance, missed=False, blocked=False, disconnected=True, tick=420, compression=0.24667178, emission=0.35632396, rotor=0.9503609, belt=-0, cargo=(1, 3.4601, 0), velocity=CollisionVector { X = 0, Y = 0, Z = 0, LengthSquared = 0, Length = 0, IsFinite = True }, spin=CollisionVector { X = 0, Y = 0, Z = 0, LengthSquared = 0, Length = 0, IsFinite = True }
Bellows transport: setup=LowResistance, missed=False, blocked=False, disconnected=True, tick=480, compression=0.25458178, emission=0.355435, rotor=0.9889532, belt=-0, cargo=(1, 3.4601, 0), velocity=CollisionVector { X = 0, Y = 0, Z = 0, LengthSquared = 0, Length = 0, IsFinite = True }, spin=CollisionVector { X = 0, Y = 0, Z = 0, LengthSquared = 0, Length = 0, IsFinite = True }
Bellows transport: setup=LowResistance, missed=False, blocked=False, disconnected=True, tick=540, compression=0.26246244, emission=0.3536903, rotor=1.0239667, belt=-0, cargo=(1, 3.4601, 0), velocity=CollisionVector { X = 0, Y = 0, Z = 0, LengthSquared = 0, Length = 0, IsFinite = True }, spin=CollisionVector { X = 0, Y = 0, Z = 0, LengthSquared = 0, Length = 0, IsFinite = True }
Bellows transport: setup=LowResistance, missed=False, blocked=False, disconnected=True, tick=600, compression=0.27029502, emission=0.35111913, rotor=1.055419, belt=-0, cargo=(1, 3.4601, 0), velocity=CollisionVector { X = 0, Y = 0, Z = 0, LengthSquared = 0, Length = 0, IsFinite = True }, spin=CollisionVector { X = 0, Y = 0, Z = 0, LengthSquared = 0, Length = 0, IsFinite = True }
Bellows transport: setup=LowResistance, missed=False, blocked=False, disconnected=True, tick=660, compression=0.27806157, emission=0.34775195, rotor=1.083336, belt=-0, cargo=(1, 3.4601, 0), velocity=CollisionVector { X = 0, Y = 0, Z = 0, LengthSquared = 0, Length = 0, IsFinite = True }, spin=CollisionVector { X = 0, Y = 0, Z = 0, LengthSquared = 0, Length = 0, IsFinite = True }
Bellows transport: setup=LowResistance, missed=False, blocked=False, disconnected=True, tick=720, compression=0.28574467, emission=0.3436204, rotor=1.1077514, belt=-0, cargo=(1, 3.4601, 0), velocity=CollisionVector { X = 0, Y = 0, Z = 0, LengthSquared = 0, Length = 0, IsFinite = True }, spin=CollisionVector { X = 0, Y = 0, Z = 0, LengthSquared = 0, Length = 0, IsFinite = True }
Bellows transport: setup=LowResistance, missed=False, blocked=False, disconnected=True, tick=780, compression=0.29332775, emission=0.33875692, rotor=1.1287069, belt=-0, cargo=(1, 3.4601, 0), velocity=CollisionVector { X = 0, Y = 0, Z = 0, LengthSquared = 0, Length = 0, IsFinite = True }, spin=CollisionVector { X = 0, Y = 0, Z = 0, LengthSquared = 0, Length = 0, IsFinite = True }
Bellows transport: setup=LowResistance, missed=False, blocked=False, disconnected=True, tick=840, compression=0.30079487, emission=0.333195, rotor=1.1462514, belt=-0, cargo=(1, 3.4601, 0), velocity=CollisionVector { X = 0, Y = 0, Z = 0, LengthSquared = 0, Length = 0, IsFinite = True }, spin=CollisionVector { X = 0, Y = 0, Z = 0, LengthSquared = 0, Length = 0, IsFinite = True }
Bellows transport: setup=LowResistance, missed=False, blocked=False, disconnected=True, tick=900, compression=0.30813095, emission=0.3269688, rotor=1.1604409, belt=-0, cargo=(1, 3.4601, 0), velocity=CollisionVector { X = 0, Y = 0, Z = 0, LengthSquared = 0, Length = 0, IsFinite = True }, spin=CollisionVector { X = 0, Y = 0, Z = 0, LengthSquared = 0, Length = 0, IsFinite = True }
Bellows transport: setup=LowResistance, missed=False, blocked=False, disconnected=True, tick=960, compression=0.31532153, emission=0.3201131, rotor=1.171338, belt=-0, cargo=(1, 3.4601, 0), velocity=CollisionVector { X = 0, Y = 0, Z = 0, LengthSquared = 0, Length = 0, IsFinite = True }, spin=CollisionVector { X = 0, Y = 0, Z = 0, LengthSquared = 0, Length = 0, IsFinite = True }
Shutting down Godot...
Engine: Godot instance destroyed.
Godot shut down successfully.
  Finished:    CuriousContraptions.tests (ID = '9f8b32a33bcc8353e42a2a7601980bf6f3c259e4fc815cd772bc5502a42afb39')
=== TEST EXECUTION SUMMARY ===
   CuriousContraptions.tests  Total: 76, Errors: 0, Failed: 10, Skipped: 0, Not Run: 0, Time: 167.619s
Godot Engine (2dog) v4.7.2.stable.mono.2dog.161236340 (2026-09-24 19:51:42 UTC) - https://2dog.dev

